// Jest Snapshot v1, https://goo.gl/fbAQLP

exports[`Should UserBlock render correctly when user authorised 1`] = `
<div
  className="user-block"
>
  <div
    className="user-block__avatar"
    onClick={[Function]}
  >
    <img
      alt="User avatar"
      height="63"
      src="https://assets.htmlacademy.ru/intensives/javascript-3/avatar/7.jpg"
      width="63"
    />
  </div>
</div>
`;

exports[`Should UserBlock render correctly when user unauthorised 1`] = `
<div
  className="user-block"
>
  <a
    className="user-block__link"
    href="/login"
    onClick={[Function]}
  >
    Sign in
  </a>
</div>
`;
